
> insight-hub-frontend@1.0.0 build
> next build

  Γû▓ Next.js 14.2.29
  - Environments: .env.local

   Creating an optimized production build ...
 Γ£ô Compiled successfully
   Linting and checking validity of types ...
   Collecting page data ...
   Generating static pages (0/23) ...
node.exe : Admin Users Fetch Error: n [Error]: Dynamic server usage: Route /api/admin/users couldn't be rendered statically because it used `headers`. See more 
info here: https://nextjs.org/docs/messages/dynamic-server-error
At C:\nvm4w\nodejs\npm.ps1:29 char:3
+   & $NODE_EXE $NPM_CLI_JS $args
+   ~~~~~~~~~~~~~~~~~~~~~~~~~~~~~
    + CategoryInfo          : NotSpecified: (Admin Users Fet...ic-server-error:String) [], RemoteException
    + FullyQualifiedErrorId : NativeCommandError
 
    at l (A:\web development\insight-hub\frontend\.next\server\chunks\276.js:1:37218)
    at d (A:\web development\insight-hub\frontend\.next\server\chunks\881.js:1:3484)
    at A:\web development\insight-hub\frontend\.next\server\chunks\881.js:377:55395
    at u (A:\web development\insight-hub\frontend\.next\server\app\api\admin\users\route.js:1:1015)
    at A:\web development\insight-hub\frontend\node_modules\next\dist\compiled\next-server\app-route.runtime.prod.js:6:38417
    at A:\web development\insight-hub\frontend\node_modules\next\dist\server\lib\trace\tracer.js:140:36
    at NoopContextManager.with (A:\web development\insight-hub\frontend\node_modules\next\dist\compiled\@opentelemetry\api\index.js:1:7062)
    at ContextAPI.with (A:\web development\insight-hub\frontend\node_modules\next\dist\compiled\@opentelemetry\api\index.js:1:518)
    at NoopTracer.startActiveSpan (A:\web development\insight-hub\frontend\node_modules\next\dist\compiled\@opentelemetry\api\index.js:1:18093)
    at ProxyTracer.startActiveSpan (A:\web development\insight-hub\frontend\node_modules\next\dist\compiled\@opentelemetry\api\index.js:1:18854) {
  description: "Route /api/admin/users couldn't be rendered statically because it used `headers`. See more info here: 
https://nextjs.org/docs/messages/dynamic-server-error",
  digest: 'DYNAMIC_SERVER_USAGE'
}
Analytics Stats Error: n [Error]: Dynamic server usage: Route /api/analytics/my-stats couldn't be rendered statically because it used `headers`. See more info 
here: https://nextjs.org/docs/messages/dynamic-server-error
    at l (A:\web development\insight-hub\frontend\.next\server\chunks\276.js:1:37218)
    at d (A:\web development\insight-hub\frontend\.next\server\chunks\881.js:1:3484)
    at A:\web development\insight-hub\frontend\.next\server\chunks\881.js:377:55395
    at d (A:\web development\insight-hub\frontend\.next\server\app\api\analytics\my-stats\route.js:1:1264)
    at A:\web development\insight-hub\frontend\node_modules\next\dist\compiled\next-server\app-route.runtime.prod.js:6:38417
    at A:\web development\insight-hub\frontend\node_modules\next\dist\server\lib\trace\tracer.js:140:36
    at NoopContextManager.with (A:\web development\insight-hub\frontend\node_modules\next\dist\compiled\@opentelemetry\api\index.js:1:7062)
    at ContextAPI.with (A:\web development\insight-hub\frontend\node_modules\next\dist\compiled\@opentelemetry\api\index.js:1:518)
    at NoopTracer.startActiveSpan (A:\web development\insight-hub\frontend\node_modules\next\dist\compiled\@opentelemetry\api\index.js:1:18093)
    at ProxyTracer.startActiveSpan (A:\web development\insight-hub\frontend\node_modules\next\dist\compiled\@opentelemetry\api\index.js:1:18854) {
  description: "Route /api/analytics/my-stats couldn't be rendered statically because it used `headers`. See more info here: 
https://nextjs.org/docs/messages/dynamic-server-error",
  digest: 'DYNAMIC_SERVER_USAGE'
}
Session Fetch Error: n [Error]: Dynamic server usage: Route /api/auth/sessions couldn't be rendered statically because it used `headers`. See more info here: 
https://nextjs.org/docs/messages/dynamic-server-error
    at l (A:\web development\insight-hub\frontend\.next\server\chunks\276.js:1:37218)
    at d (A:\web development\insight-hub\frontend\.next\server\chunks\881.js:1:3484)
    at A:\web development\insight-hub\frontend\.next\server\chunks\881.js:377:55395
    at d (A:\web development\insight-hub\frontend\.next\server\app\api\auth\sessions\route.js:1:1015)
    at A:\web development\insight-hub\frontend\node_modules\next\dist\compiled\next-server\app-route.runtime.prod.js:6:38417
    at A:\web development\insight-hub\frontend\node_modules\next\dist\server\lib\trace\tracer.js:140:36
    at NoopContextManager.with (A:\web development\insight-hub\frontend\node_modules\next\dist\compiled\@opentelemetry\api\index.js:1:7062)
    at ContextAPI.with (A:\web development\insight-hub\frontend\node_modules\next\dist\compiled\@opentelemetry\api\index.js:1:518)
    at NoopTracer.startActiveSpan (A:\web development\insight-hub\frontend\node_modules\next\dist\compiled\@opentelemetry\api\index.js:1:18093)
    at ProxyTracer.startActiveSpan (A:\web development\insight-hub\frontend\node_modules\next\dist\compiled\@opentelemetry\api\index.js:1:18854) {
  description: "Route /api/auth/sessions couldn't be rendered statically because it used `headers`. See more info here: 
https://nextjs.org/docs/messages/dynamic-server-error",
  digest: 'DYNAMIC_SERVER_USAGE'
}
   Generating static pages (5/23) 
2FA Setup Error: n [Error]: Dynamic server usage: Route /api/auth/2fa/setup couldn't be rendered statically because it used `headers`. See more info here: 
https://nextjs.org/docs/messages/dynamic-server-error
    at l (A:\web development\insight-hub\frontend\.next\server\chunks\276.js:1:37218)
    at d (A:\web development\insight-hub\frontend\.next\server\chunks\881.js:1:3484)
    at A:\web development\insight-hub\frontend\.next\server\chunks\881.js:377:55395
    at p (A:\web development\insight-hub\frontend\.next\server\app\api\auth\2fa\setup\route.js:1:1025)
    at A:\web development\insight-hub\frontend\node_modules\next\dist\compiled\next-server\app-route.runtime.prod.js:6:38417
    at A:\web development\insight-hub\frontend\node_modules\next\dist\server\lib\trace\tracer.js:140:36
    at NoopContextManager.with (A:\web development\insight-hub\frontend\node_modules\next\dist\compiled\@opentelemetry\api\index.js:1:7062)
    at ContextAPI.with (A:\web development\insight-hub\frontend\node_modules\next\dist\compiled\@opentelemetry\api\index.js:1:518)
    at NoopTracer.startActiveSpan (A:\web development\insight-hub\frontend\node_modules\next\dist\compiled\@opentelemetry\api\index.js:1:18093)
    at ProxyTracer.startActiveSpan (A:\web development\insight-hub\frontend\node_modules\next\dist\compiled\@opentelemetry\api\index.js:1:18854) {
  description: "Route /api/auth/2fa/setup couldn't be rendered statically because it used `headers`. See more info here: 
https://nextjs.org/docs/messages/dynamic-server-error",
  digest: 'DYNAMIC_SERVER_USAGE'
}
Billing Fetch Error: n [Error]: Dynamic server usage: Route /api/billing/usage couldn't be rendered statically because it used `headers`. See more info here: 
https://nextjs.org/docs/messages/dynamic-server-error
    at l (A:\web development\insight-hub\frontend\.next\server\chunks\276.js:1:37218)
    at d (A:\web development\insight-hub\frontend\.next\server\chunks\881.js:1:3484)
    at A:\web development\insight-hub\frontend\.next\server\chunks\881.js:377:55395
    at d (A:\web development\insight-hub\frontend\.next\server\app\api\billing\usage\route.js:1:1015)
    at A:\web development\insight-hub\frontend\node_modules\next\dist\compiled\next-server\app-route.runtime.prod.js:6:38417
    at A:\web development\insight-hub\frontend\node_modules\next\dist\server\lib\trace\tracer.js:140:36
    at NoopContextManager.with (A:\web development\insight-hub\frontend\node_modules\next\dist\compiled\@opentelemetry\api\index.js:1:7062)
    at ContextAPI.with (A:\web development\insight-hub\frontend\node_modules\next\dist\compiled\@opentelemetry\api\index.js:1:518)
    at NoopTracer.startActiveSpan (A:\web development\insight-hub\frontend\node_modules\next\dist\compiled\@opentelemetry\api\index.js:1:18093)
    at ProxyTracer.startActiveSpan (A:\web development\insight-hub\frontend\node_modules\next\dist\compiled\@opentelemetry\api\index.js:1:18854) {
  description: "Route /api/billing/usage couldn't be rendered statically because it used `headers`. See more info here: 
https://nextjs.org/docs/messages/dynamic-server-error",
  digest: 'DYNAMIC_SERVER_USAGE'
}
   Generating static pages (11/23) 
   Generating static pages (17/23) 
 Γ£ô Generating static pages (23/23)
   Finalizing page optimization ...
   Collecting build traces ...

Route (app)                              Size     First Load JS
Γöî ╞Æ /                                    143 B          87.5 kB
Γö£ Γùï /_not-found                          876 B          88.3 kB
Γö£ Γùï /admin/dashboard                     3.49 kB         211 kB
Γö£ Γùï /analytics                           8.97 kB         197 kB
Γö£ ╞Æ /api/admin/users                     0 B                0 B
Γö£ ╞Æ /api/analytics/my-stats              0 B                0 B
Γö£ ╞Æ /api/auth/[...nextauth]              0 B                0 B
Γö£ ╞Æ /api/auth/2fa/enable                 0 B                0 B
Γö£ ╞Æ /api/auth/2fa/setup                  0 B                0 B
Γö£ ╞Æ /api/auth/change-password            0 B                0 B
Γö£ ╞Æ /api/auth/forgot-password            0 B                0 B
Γö£ ╞Æ /api/auth/me                         0 B                0 B
Γö£ ╞Æ /api/auth/profile                    0 B                0 B
Γö£ ╞Æ /api/auth/register                   0 B                0 B
Γö£ ╞Æ /api/auth/reset-password             0 B                0 B
Γö£ ╞Æ /api/auth/sessions                   0 B                0 B
Γö£ ╞Æ /api/auth/verify-email               0 B                0 B
Γö£ ╞Æ /api/billing/usage                   0 B                0 B
Γö£ ╞Æ /api/developer/keys                  0 B                0 B
Γö£ ╞Æ /api/notifications                   0 B                0 B
Γö£ Γùï /dashboard                           5.05 kB         193 kB
Γöö Γùï /login                               23.7 kB         135 kB
+ First Load JS shared by all            87.4 kB
  Γö£ chunks/117-f9a6f3b3bdc12a61.js       31.8 kB
  Γö£ chunks/fd9d1056-70d105343b8a0073.js  53.6 kB
  Γöö other shared chunks (total)          2 kB


╞Æ Middleware                             103 kB

Γùï  (Static)   prerendered as static content
╞Æ  (Dynamic)  server-rendered on demand

