
> insight-hub-frontend@1.0.0 build
> next build

node.exe : 'next' is not recognized as an internal or external command,
At C:\nvm4w\nodejs\npm.ps1:29 char:3
+   & $NODE_EXE $NPM_CLI_JS $args
+   ~~~~~~~~~~~~~~~~~~~~~~~~~~~~~
    + CategoryInfo              : NotSpecified: ('    next' is not r...tern    al command,:String) [    ], RemoteException
    + FullyQualifiedError    Id : NativeCommandErr    or
 
operable program or batch file.
