src/App.tsx(20,1): error TS6133: 'NotFound' is declared but its value is never read.
src/components/AppLayout.tsx(1,10): error TS6133: 'useEffect' is declared but its value is never read.
src/components/AppLayout.tsx(8,1): error TS6133: 'toast' is declared but its value is never read.
src/components/ui/calendar.tsx(45,20): error TS6133: '_props' is declared but its value is never read.
src/components/ui/calendar.tsx(46,21): error TS6133: '_props' is declared but its value is never read.
src/hooks/useForecast.ts(7,35): error TS2554: Expected 0 arguments, but got 1.
src/hooks/useForecast.ts(7,57): error TS2339: Property 'data' does not exist on type 'Prediction[]'.
src/pages/AdminPanelPage.tsx(51,12): error TS6133: 'isLoading' is declared but its value is never read.
src/pages/AdminTrainModelPage.tsx(4,33): error TS6133: 'XCircle' is declared but its value is never read.
src/pages/AdminTrainModelPage.tsx(22,10): error TS6133: 'loading' is declared but its value is never read.
src/pages/AdminTrainModelPage.tsx(26,15): error TS2339: Property 'data' does not exist on type 'Model[]'.
src/pages/AdminTrainModelPage.tsx(46,15): error TS2339: Property 'data' does not exist on type '{ task_id: string; }'.
src/pages/AdminTrainModelPage.tsx(46,30): error TS2554: Expected 1 arguments, but got 0.
src/pages/AdminTrainModelPage.tsx(51,19): error TS2339: Property 'data' does not exist on type 'TaskStatus'.
src/pages/AdminTrainModelPage.tsx(83,27): error TS2345: Argument of type 'string' is not assignable to parameter of type 'number'.
src/pages/AnalyticsPage.tsx(26,15): error TS2339: Property 'data' does not exist on type '{ message: string; rows: number; }'.
src/pages/AnalyticsPage.tsx(26,46): error TS2554: Expected 1 arguments, but got 2.
src/pages/AnalyticsPage.tsx(26,47): error TS7006: Parameter 'e' implicitly has an 'any' type.
src/pages/AnalyticsPage.tsx(42,15): error TS2339: Property 'data' does not exist on type 'SalesData[]'.
src/pages/AnalyticsPage.tsx(42,43): error TS2554: Expected 0 arguments, but got 1.
src/pages/DashboardPage.tsx(25,33): error TS2339: Property 'data' does not exist on type 'AnalyticsSummary'.
src/pages/DashboardPage.tsx(82,15): error TS2339: Property 'data' does not exist on type 'Blob'.
src/pages/DashboardPage.tsx(82,33): error TS2554: Expected 0 arguments, but got 2.
src/pages/RegisterPage.tsx(11,5): error TS6133: 'UserPlus' is declared but its value is never read.
src/pages/RegisterPage.tsx(12,5): error TS6133: 'Mail' is declared but its value is never read.
src/pages/RegisterPage.tsx(13,5): error TS6133: 'ArrowRight' is declared but its value is never read.
src/pages/RegisterPage.tsx(14,5): error TS6133: 'ShieldCheck' is declared but its value is never read.
