app/(dashboard)/analytics/page.tsx(91,32): error TS1127: Invalid character.
app/(dashboard)/analytics/page.tsx(91,50): error TS1381: Unexpected token. Did you mean `{'}'}` or `&rbrace;`?
app/(dashboard)/analytics/page.tsx(91,90): error TS1382: Unexpected token. Did you mean `{'>'}` or `&gt;`?
app/(dashboard)/analytics/page.tsx(92,21): error TS1381: Unexpected token. Did you mean `{'}'}` or `&rbrace;`?
